../Core/Src/main.c:192:13:Sensors_Init	8	static
../Core/Src/main.c:204:13:Sensors_Service	8	static
../Core/Src/main.c:213:13:Stepper_Init	8	static
../Core/Src/main.c:219:13:Stepper_Service	16	static
../Core/Src/main.c:242:13:Stepper_Start	8	static
../Core/Src/main.c:254:13:Stepper_Stop	8	static
../Core/Src/main.c:260:13:Buzzer_Set	24	static
../Core/Src/main.c:278:13:Buzzer_Init	8	static
../Core/Src/main.c:287:13:Buzzer_Trigger	16	static
../Core/Src/main.c:293:13:Buzzer_Service	16	static
../Core/Src/main.c:303:13:Relay_Set	24	static
../Core/Src/main.c:321:13:Relay_Init	8	static
../Core/Src/main.c:327:13:Relay_Service	16	static
../Core/Src/main.c:364:13:FrostRelay_Set	24	static
../Core/Src/main.c:382:16:DHT22_IsReadingPlausible	16	static
../Core/Src/main.c:395:16:PredictMoldRisk	56	static
../Core/Src/main.c:456:16:PredictFrostRisk	40	static
../Core/Src/main.c:506:16:PredictFlowRisk	24	static
../Core/Src/main.c:533:13:ESP_FlushRx	16	static
../Core/Src/main.c:542:16:ESP_WaitForResponse	40	static
../Core/Src/main.c:596:16:ESP_SendCommandAndWait	24	static
../Core/Src/main.c:608:16:ESP_InitModule	24	static
../Core/Src/main.c:655:16:ESP_EnsureTcpConnected	16	static
../Core/Src/main.c:675:13:ESP_RecoverLink	16	static
../Core/Src/main.c:691:16:ESP_SendPayload	64	static
../Core/Src/main.c:731:13:Telemetry_Service	424	static
../Core/Src/main.c:766:13:ServiceDelay	32	static
../Core/Src/main.c:784:13:DWT_Delay_Init	4	static
../Core/Src/main.c:791:13:DelayUs	24	static
../Core/Src/main.c:801:13:DHT22_SetPinOutput	32	static
../Core/Src/main.c:812:13:DHT22_SetPinInput	32	static
../Core/Src/main.c:822:16:DHT22_WaitForState	24	static
../Core/Src/main.c:838:16:DHT22_Read	32	static
../Core/Src/main.c:911:13:DHT22_Service	40	static
../Core/Src/main.c:1093:13:FlowSensor_Service	32	static
../Core/Src/main.c:1145:13:BuildSensorPayload	88	static
../Core/Src/main.c:1173:5:main	8	static
../Core/Src/main.c:1273:6:SystemClock_Config	88	static
../Core/Src/main.c:1319:13:MX_USART2_UART_Init	8	static
../Core/Src/main.c:1352:13:MX_GPIO_Init	40	static
../Core/Src/main.c:1423:6:HAL_GPIO_EXTI_Callback	16	static
../Core/Src/main.c:1437:6:Error_Handler	4	static,ignoring_inline_asm
